Watching for file changes with StatReloader
Performing system checks...

System check identified some issues:

WARNINGS:
todos.Todo: (models.W042) Auto-created primary key used when not defining a primary key type, by default 'django.db.models.AutoField'.
	HINT: Configure the DEFAULT_AUTO_FIELD setting or the TodosConfig.default_auto_field attribute to point to a subclass of AutoField, e.g. 'django.db.models.BigAutoField'.

System check identified 1 issue (0 silenced).
February 22, 2025 - 16:31:42
Django version 4.2.11, using settings 'todoApp.settings'
Starting development server at http://0.0.0.0:8001/
Quit the server with CONTROL-C.

[22/Feb/2025 16:31:46] "GET /todos/ HTTP/1.1" 200 4078
[22/Feb/2025 16:32:10] "GET /todos/ HTTP/1.1" 200 4078
[22/Feb/2025 16:32:13] "POST /todos/add/ HTTP/1.1" 302 0
[22/Feb/2025 16:32:13] "GET /todos/ HTTP/1.1" 200 4658
Watching for file changes with StatReloader
Performing system checks...

System check identified some issues:

WARNINGS:
todos.Todo: (models.W042) Auto-created primary key used when not defining a primary key type, by default 'django.db.models.AutoField'.
	HINT: Configure the DEFAULT_AUTO_FIELD setting or the TodosConfig.default_auto_field attribute to point to a subclass of AutoField, e.g. 'django.db.models.BigAutoField'.

System check identified 1 issue (0 silenced).
February 22, 2025 - 23:48:47
Django version 4.2.11, using settings 'todoApp.settings'
Starting development server at http://0.0.0.0:8082/
Quit the server with CONTROL-C.

